// Jest Snapshot v1, https://goo.gl/fbAQLP

exports[`Test TodoItem Architecture 1`] = `
<div
  className="flex todo-item"
>
  <input
    className="pointer"
    data-testid="input-todo-done-id-1"
    id="1"
    onChange={[Function]}
    type="checkbox"
  />
  <label
    className="ml-2"
  >
    Todo number 1
  </label>
</div>
`;
