// Jest Snapshot v1, https://goo.gl/fbAQLP

exports[`Test unitaire renders app component correctly 1`] = `
<div
  className="container"
>
  <h1>
    ToDo List React Typescript
  </h1>
  <div
    className="form-container"
  >
    <div
      className="form"
    >
      <div
        className="info"
      >
        <div
          className="name"
        >
          <label
            className="label-name"
            htmlFor="name"
          >
                 Name
          </label>
          <input
            className="input-name"
            name="inputName"
            onChange={[Function]}
            placeholder="Name of the task..."
            type="text"
            value=""
          />
        </div>
        <div
          className="description"
        >
          <label
            className="label-description"
            htmlFor="description"
          >
                 Description
          </label>
          <input
            className="input-description"
            name="inputDescri"
            onChange={[Function]}
            placeholder="Description of the task..."
            type="textarea"
            value=""
          />
        </div>
      </div>
      <input
        className="valider"
        onClick={[Function]}
        type="button"
        value="ADD ToDo"
      />
    </div>
  </div>
  <div
    className="card"
  >
    <div
      className="left-card"
    >
      <div
        className="card-container"
      >
        <h3
          className="title"
          id="left-card-title"
        >
          ToDo
        </h3>
        <p
          className="add-description"
        >
          Add 
          <span>
            +
          </span>
        </p>
      </div>
    </div>
    <div
      className=""
    >
      <div
        className="card-container"
      >
        <h3
          className="title"
          id="right-card-title"
        >
          Done
        </h3>
        <p
          className="add-description"
        >
          Add 
          <span>
            +
          </span>
        </p>
      </div>
    </div>
  </div>
</div>
`;

exports[`Unit test for App component renders app component correctly 1`] = `
<div
  className="container"
>
  <h1>
    ToDo List React Typescript
  </h1>
  <div
    className="form-container"
  >
    <div
      className="form"
    >
      <div
        className="info"
      >
        <div
          className="name"
        >
          <label
            className="label-name"
            htmlFor="name"
          >
                 Name
          </label>
          <input
            className="input-name"
            name="inputName"
            onChange={[Function]}
            placeholder="Name of the task..."
            type="text"
            value=""
          />
        </div>
        <div
          className="description"
        >
          <label
            className="label-description"
            htmlFor="description"
          >
                 Description
          </label>
          <input
            className="input-description"
            name="inputDescri"
            onChange={[Function]}
            placeholder="Description of the task..."
            type="textarea"
            value=""
          />
        </div>
      </div>
      <input
        className="valider"
        onClick={[Function]}
        type="button"
        value="ADD ToDo"
      />
    </div>
  </div>
  <div
    className="card"
  >
    <div
      className="left-card"
    >
      <div
        className="card-container"
      >
        <h3
          className="title"
          id="left-card-title"
        >
          ToDo
        </h3>
        <p
          className="add-description"
        >
          Add 
          <span>
            +
          </span>
        </p>
      </div>
    </div>
    <div
      className=""
    >
      <div
        className="card-container"
      >
        <h3
          className="title"
          id="right-card-title"
        >
          Done
        </h3>
        <p
          className="add-description"
        >
          Add 
          <span>
            +
          </span>
        </p>
      </div>
    </div>
  </div>
</div>
`;

exports[`renders app component  1`] = `
<div
  className="container"
>
  <h1>
    ToDo List React Typescript
  </h1>
  <div
    className="form-container"
  >
    <div
      className="form"
    >
      <div
        className="info"
      >
        <div
          className="name"
        >
          <label
            className="label-name"
            htmlFor="name"
          >
                 Name
          </label>
          <input
            className="input-name"
            name="inputName"
            onChange={[Function]}
            placeholder="Name of the task..."
            type="text"
            value=""
          />
        </div>
        <div
          className="description"
        >
          <label
            className="label-description"
            htmlFor="description"
          >
                 Description
          </label>
          <input
            className="input-description"
            name="inputDescri"
            onChange={[Function]}
            placeholder="Description of the task..."
            type="textarea"
            value=""
          />
        </div>
      </div>
      <input
        className="valider"
        onClick={[Function]}
        type="button"
        value="ADD ToDo"
      />
    </div>
  </div>
  <div
    className="card"
  >
    <div
      className="left-card"
    >
      <div
        className="card-container"
      >
        <h3
          className="title"
          id="left-card-title"
        >
          ToDo
        </h3>
        <p
          className="add-description"
        >
          Add 
          <span>
            +
          </span>
        </p>
      </div>
    </div>
    <div
      className=""
    >
      <div
        className="card-container"
      >
        <h3
          className="title"
          id="right-card-title"
        >
          Done
        </h3>
        <p
          className="add-description"
        >
          Add 
          <span>
            +
          </span>
        </p>
      </div>
    </div>
  </div>
</div>
`;

exports[`renders correctly 1`] = `
<div
  className="container"
>
  <h1>
    ToDo List React Typescript
  </h1>
  <div
    className="form-container"
  >
    <div
      className="form"
    >
      <div
        className="info"
      >
        <div
          className="name"
        >
          <label
            className="label-name"
            htmlFor="name"
          >
                 Name
          </label>
          <input
            className="input-name"
            name="inputName"
            onChange={[Function]}
            placeholder="Name of the task..."
            type="text"
            value=""
          />
        </div>
        <div
          className="description"
        >
          <label
            className="label-description"
            htmlFor="description"
          >
                 Description
          </label>
          <input
            className="input-description"
            name="inputDescri"
            onChange={[Function]}
            placeholder="Description of the task..."
            type="textarea"
            value=""
          />
        </div>
      </div>
      <input
        className="valider"
        onClick={[Function]}
        type="button"
        value="ADD ToDo"
      />
    </div>
  </div>
  <div
    className="card"
  >
    <div
      className="left-card"
    >
      <div
        className="card-container"
      >
        <h3
          className="title"
          id="left-card-title"
        >
          ToDo
        </h3>
        <p
          className="add-description"
        >
          Add 
          <span>
            +
          </span>
        </p>
      </div>
    </div>
    <div
      className=""
    >
      <div
        className="card-container"
      >
        <h3
          className="title"
          id="right-card-title"
        >
          Done
        </h3>
        <p
          className="add-description"
        >
          Add 
          <span>
            +
          </span>
        </p>
      </div>
    </div>
  </div>
</div>
`;
